Copyright 1986-2020 Xilinx, Inc. All Rights Reserved.
-----------------------------------------------------------------------------------------
| Tool Version : Vivado v.2020.1 (lin64) Build 2902540 Wed May 27 19:54:35 MDT 2020
| Date         : Sun Dec  6 00:11:47 2020
| Host         : UNIT-2060 running 64-bit Ubuntu 20.04.1 LTS
| Command      : report_control_sets -verbose -file radix_sorter_control_sets_placed.rpt
| Design       : radix_sorter
| Device       : xc7z020
-----------------------------------------------------------------------------------------

Control Set Information

Table of Contents
-----------------
1. Summary
2. Histogram
3. Flip-Flop Distribution
4. Detailed Control Set Information

1. Summary
----------

+----------------------------------------------------------+-------+
|                          Status                          | Count |
+----------------------------------------------------------+-------+
| Total control sets                                       |    20 |
|    Minimum number of control sets                        |    20 |
|    Addition due to synthesis replication                 |     0 |
|    Addition due to physical synthesis replication        |     0 |
| Unused register locations in slices containing registers |    46 |
+----------------------------------------------------------+-------+
* Control sets can be merged at opt_design using control_set_merge or merge_equivalent_drivers
** Run report_qor_suggestions for automated merging and remapping suggestions


2. Histogram
------------

+--------------------+-------+
|       Fanout       | Count |
+--------------------+-------+
| Total control sets |    20 |
| >= 0 to < 4        |     4 |
| >= 4 to < 6        |     1 |
| >= 6 to < 8        |     0 |
| >= 8 to < 10       |     1 |
| >= 10 to < 12      |     2 |
| >= 12 to < 14      |     0 |
| >= 14 to < 16      |     0 |
| >= 16              |    12 |
+--------------------+-------+
* Control sets can be remapped at either synth_design or opt_design


3. Flip-Flop Distribution
-------------------------

+--------------+-----------------------+------------------------+-----------------+--------------+
| Clock Enable | Synchronous Set/Reset | Asynchronous Set/Reset | Total Registers | Total Slices |
+--------------+-----------------------+------------------------+-----------------+--------------+
| No           | No                    | No                     |               8 |            7 |
| No           | No                    | Yes                    |               0 |            0 |
| No           | Yes                   | No                     |               0 |            0 |
| Yes          | No                    | No                     |             252 |           88 |
| Yes          | No                    | Yes                    |               0 |            0 |
| Yes          | Yes                   | No                     |             158 |           51 |
+--------------+-----------------------+------------------------+-----------------+--------------+


4. Detailed Control Set Information
-----------------------------------

+----------------+---------------------------+---------------------------+------------------+----------------+--------------+
|  Clock Signal  |       Enable Signal       |      Set/Reset Signal     | Slice Load Count | Bel Load Count | Bels / Slice |
+----------------+---------------------------+---------------------------+------------------+----------------+--------------+
|  CLK_IBUF_BUFG | bin_iteration[31]_i_2_n_0 |                           |                1 |              1 |         1.00 |
|  CLK_IBUF_BUFG | bin_head_l[31]_i_2_n_0    |                           |                1 |              1 |         1.00 |
|  CLK_IBUF_BUFG | OUT_DATA_VALID_i_1_n_0    |                           |                1 |              1 |         1.00 |
|  CLK_IBUF_BUFG | OUT_DATA_LAST_i_1_n_0     |                           |                1 |              1 |         1.00 |
|  CLK_IBUF_BUFG | sort_state[3]_i_1_n_0     |                           |                4 |              4 |         1.00 |
|  CLK_IBUF_BUFG |                           |                           |                7 |              8 |         1.14 |
|  CLK_IBUF_BUFG | right_addr[9]_i_1_n_0     |                           |                3 |             10 |         3.33 |
|  CLK_IBUF_BUFG | left_addr[9]_i_1_n_0      |                           |                3 |             10 |         3.33 |
|  CLK_IBUF_BUFG | bin_head_l[31]_i_2_n_0    | bin_head_l[31]_i_1_n_0    |                8 |             31 |         3.88 |
|  CLK_IBUF_BUFG | bin_iteration[31]_i_2_n_0 | bin_iteration[31]_i_1_n_0 |                8 |             31 |         3.88 |
|  CLK_IBUF_BUFG | memory_in[31]_i_1_n_0     |                           |                9 |             32 |         3.56 |
|  CLK_IBUF_BUFG | out_buffer                |                           |               12 |             32 |         2.67 |
|  CLK_IBUF_BUFG | right_in                  |                           |                8 |             32 |         4.00 |
|  CLK_IBUF_BUFG | OUT_DATA[31]_i_1_n_0      |                           |               11 |             32 |         2.91 |
|  CLK_IBUF_BUFG | memory_addr[31]_i_1_n_0   |                           |               17 |             32 |         1.88 |
|  CLK_IBUF_BUFG | left_in                   |                           |                5 |             32 |         6.40 |
|  CLK_IBUF_BUFG | val_to_store              |                           |               12 |             32 |         2.67 |
|  CLK_IBUF_BUFG | counter[31]_i_2_n_0       | counter[31]_i_1_n_0       |               14 |             32 |         2.29 |
|  CLK_IBUF_BUFG | j[31]_i_2_n_0             | j[31]_i_1_n_0             |               11 |             32 |         2.91 |
|  CLK_IBUF_BUFG | bin_head_r[31]_i_2_n_0    | bin_head_r[31]_i_1_n_0    |               10 |             32 |         3.20 |
+----------------+---------------------------+---------------------------+------------------+----------------+--------------+


